5.00e+01,-2.79e-01,4.15e+00,4.15e+00,1.23e+01,1.21e+02,5.04e+02
1.00e+02,-5.42e-01,4.15e+00,4.15e+00,1.23e+01,1.21e+02,5.05e+02
1.50e+02,-2.45e+00,4.15e+00,4.15e+00,1.23e+01,1.21e+02,5.05e+02
2.00e+02,-2.23e+00,4.15e+00,4.15e+00,1.23e+01,1.22e+02,5.06e+02
2.50e+02,-2.45e+00,4.15e+00,4.15e+00,1.23e+01,1.22e+02,5.07e+02
3.00e+02,-2.91e+00,4.15e+00,4.15e+00,1.23e+01,1.22e+02,5.06e+02
3.50e+02,-3.36e+00,4.15e+00,4.15e+00,1.23e+01,1.22e+02,5.07e+02
4.00e+02,-3.36e+00,4.15e+00,4.15e+00,1.23e+01,1.22e+02,5.06e+02
4.50e+02,-3.36e+00,4.15e+00,4.15e+00,1.23e+01,1.22e+02,5.06e+02
5.00e+02,-3.36e+00,4.15e+00,4.15e+00,1.23e+01,1.21e+02,5.06e+02
5.50e+02,-3.36e+00,4.15e+00,4.15e+00,1.23e+01,1.22e+02,5.06e+02
6.00e+02,-3.34e+00,4.21e+00,4.21e+00,1.23e+01,1.22e+02,5.06e+02
6.50e+02,-3.36e+00,4.21e+00,4.21e+00,1.23e+01,1.22e+02,5.06e+02
7.00e+02,-3.36e+00,4.27e+00,4.27e+00,1.27e+01,1.22e+02,5.07e+02
7.50e+02,-3.36e+00,4.27e+00,4.27e+00,1.27e+01,1.22e+02,5.06e+02
8.00e+02,-3.36e+00,4.86e+00,4.86e+00,1.26e+01,1.22e+02,5.08e+02
8.50e+02,-3.36e+00,5.61e+00,5.61e+00,1.23e+01,1.21e+02,5.06e+02
9.00e+02,-3.37e+00,5.61e+00,5.61e+00,1.23e+01,1.23e+02,5.08e+02
9.50e+02,-3.32e+00,5.61e+00,5.61e+00,1.23e+01,1.23e+02,5.09e+02
1.00e+03,-2.74e+00,5.61e+00,5.61e+00,1.23e+01,1.24e+02,5.10e+02
1.05e+03,-3.37e+00,5.56e+00,5.61e+00,1.23e+01,1.25e+02,5.11e+02
1.10e+03,-3.06e+00,5.61e+00,5.61e+00,1.23e+01,1.25e+02,5.11e+02
1.15e+03,-2.95e+00,5.61e+00,5.61e+00,1.23e+01,1.25e+02,5.12e+02
1.20e+03,-3.29e+00,5.61e+00,5.61e+00,1.23e+01,1.24e+02,5.12e+02
1.25e+03,-3.26e+00,5.61e+00,5.61e+00,1.23e+01,1.26e+02,5.13e+02
1.30e+03,-2.19e+00,6.61e+00,6.61e+00,1.35e+01,1.27e+02,5.14e+02
1.35e+03,-3.37e+00,6.61e+00,6.61e+00,1.35e+01,1.27e+02,5.15e+02
1.40e+03,-3.35e+00,6.61e+00,6.61e+00,1.35e+01,1.28e+02,5.16e+02
1.45e+03,-3.16e+00,5.61e+00,6.61e+00,1.35e+01,1.27e+02,5.14e+02
1.50e+03,-3.37e+00,5.63e+00,6.61e+00,1.35e+01,1.27e+02,5.15e+02
1.55e+03,-3.06e+00,5.61e+00,6.61e+00,1.35e+01,1.27e+02,5.15e+02
1.60e+03,-3.37e+00,5.63e+00,6.61e+00,1.35e+01,1.28e+02,5.16e+02
1.65e+03,-3.22e+00,5.61e+00,6.61e+00,1.35e+01,1.28e+02,5.17e+02
1.70e+03,-3.36e+00,5.63e+00,6.61e+00,1.35e+01,1.28e+02,5.16e+02
1.75e+03,-2.59e+00,5.61e+00,6.61e+00,1.35e+01,1.29e+02,5.17e+02
1.80e+03,-2.74e+00,5.61e+00,6.61e+00,1.35e+01,1.29e+02,5.18e+02
1.85e+03,-3.37e+00,5.61e+00,6.61e+00,1.35e+01,1.29e+02,5.18e+02
1.90e+03,-3.26e+00,5.49e+00,6.61e+00,1.35e+01,1.29e+02,5.17e+02
1.95e+03,-2.87e+00,5.61e+00,6.61e+00,1.35e+01,1.29e+02,5.17e+02
2.00e+03,-3.28e+00,5.49e+00,6.61e+00,1.35e+01,1.26e+02,5.15e+02
2.05e+03,-3.28e+00,4.90e+00,6.61e+00,1.35e+01,1.29e+02,5.17e+02
2.10e+03,-1.39e+00,5.49e+00,6.61e+00,1.35e+01,1.30e+02,5.18e+02
2.15e+03,-1.71e+00,5.58e+00,6.61e+00,1.35e+01,1.30e+02,5.18e+02
2.20e+03,-2.04e+00,5.58e+00,6.61e+00,1.35e+01,1.30e+02,5.19e+02
2.25e+03,-3.43e+00,5.99e+00,6.61e+00,1.35e+01,1.29e+02,5.20e+02
2.30e+03,-2.17e+00,5.99e+00,6.61e+00,1.35e+01,1.30e+02,5.20e+02
2.35e+03,-2.17e+00,6.43e+00,6.61e+00,1.35e+01,1.30e+02,5.20e+02
2.40e+03,-2.17e+00,6.43e+00,6.61e+00,1.35e+01,1.30e+02,5.20e+02
2.45e+03,-2.17e+00,6.83e+00,6.83e+00,1.37e+01,1.31e+02,5.21e+02
2.50e+03,-2.03e+00,6.51e+00,6.83e+00,1.37e+01,1.31e+02,5.21e+02
2.55e+03,-2.17e+00,6.51e+00,6.83e+00,1.37e+01,1.31e+02,5.21e+02
2.60e+03,-2.17e+00,6.51e+00,6.83e+00,1.37e+01,1.31e+02,5.21e+02
2.65e+03,-2.17e+00,6.51e+00,6.83e+00,1.37e+01,1.32e+02,5.22e+02
2.70e+03,-1.60e+00,6.51e+00,6.83e+00,1.37e+01,1.32e+02,5.22e+02
2.75e+03,-2.17e+00,6.51e+00,6.83e+00,1.37e+01,1.31e+02,5.22e+02
2.80e+03,-2.17e+00,6.54e+00,6.83e+00,1.37e+01,1.31e+02,5.22e+02
2.85e+03,-2.80e+00,6.54e+00,6.83e+00,1.37e+01,1.31e+02,5.22e+02
2.90e+03,-2.31e+00,6.54e+00,6.83e+00,1.37e+01,1.32e+02,5.23e+02
2.95e+03,-3.11e+00,6.54e+00,6.83e+00,1.37e+01,1.33e+02,5.24e+02
3.00e+03,-3.45e+00,6.54e+00,6.83e+00,1.37e+01,1.31e+02,5.24e+02
3.05e+03,-3.32e+00,6.54e+00,6.83e+00,1.37e+01,1.32e+02,5.25e+02
3.10e+03,-3.45e+00,6.56e+00,6.83e+00,1.37e+01,1.32e+02,5.25e+02
3.15e+03,-3.45e+00,6.67e+00,6.83e+00,1.37e+01,1.31e+02,5.25e+02
3.20e+03,-3.45e+00,6.67e+00,6.83e+00,1.37e+01,1.31e+02,5.25e+02
3.25e+03,-1.70e+00,6.67e+00,6.83e+00,1.37e+01,1.31e+02,5.25e+02
3.30e+03,-1.94e+00,6.72e+00,6.83e+00,1.37e+01,1.31e+02,5.25e+02
3.35e+03,-1.94e+00,6.72e+00,6.83e+00,1.37e+01,1.32e+02,5.26e+02
3.40e+03,-1.94e+00,6.72e+00,6.83e+00,1.37e+01,1.32e+02,5.27e+02
3.45e+03,-3.39e+00,6.72e+00,6.83e+00,1.37e+01,1.31e+02,5.26e+02
3.50e+03,-3.45e+00,6.72e+00,6.83e+00,1.37e+01,1.32e+02,5.27e+02
3.55e+03,-3.58e+00,6.72e+00,6.83e+00,1.37e+01,1.31e+02,5.27e+02
3.60e+03,-3.44e+00,6.72e+00,6.83e+00,1.37e+01,1.31e+02,5.27e+02
3.65e+03,-3.14e+00,6.72e+00,6.83e+00,1.37e+01,1.32e+02,5.27e+02
3.70e+03,-3.30e+00,6.72e+00,6.83e+00,1.37e+01,1.32e+02,5.27e+02
3.75e+03,-3.58e+00,6.72e+00,6.83e+00,1.37e+01,1.32e+02,5.28e+02
3.80e+03,-3.23e+00,6.72e+00,6.83e+00,1.37e+01,1.32e+02,5.29e+02
3.85e+03,-3.57e+00,6.72e+00,6.83e+00,1.37e+01,1.32e+02,5.29e+02
3.90e+03,-2.90e+00,6.72e+00,6.83e+00,1.37e+01,1.32e+02,5.29e+02
3.95e+03,-2.24e+00,6.72e+00,6.83e+00,1.37e+01,1.33e+02,5.29e+02
4.00e+03,-3.37e+00,6.72e+00,6.83e+00,1.37e+01,1.32e+02,5.29e+02
4.05e+03,-3.44e+00,6.72e+00,6.83e+00,1.37e+01,1.33e+02,5.29e+02
4.10e+03,-3.43e+00,6.74e+00,6.83e+00,1.37e+01,1.33e+02,5.29e+02
4.15e+03,-1.74e+00,6.72e+00,6.83e+00,1.37e+01,1.33e+02,5.29e+02
4.20e+03,-3.46e+00,6.74e+00,6.83e+00,1.37e+01,1.33e+02,5.29e+02
4.25e+03,-2.28e+00,6.74e+00,6.83e+00,1.37e+01,1.34e+02,5.29e+02
4.30e+03,-2.21e+00,6.74e+00,6.83e+00,1.37e+01,1.34e+02,5.29e+02
4.35e+03,-2.71e+00,6.74e+00,6.83e+00,1.37e+01,1.34e+02,5.30e+02
4.40e+03,-2.71e+00,6.74e+00,6.83e+00,1.37e+01,1.34e+02,5.29e+02
4.45e+03,-2.71e+00,6.74e+00,6.83e+00,1.37e+01,1.34e+02,5.30e+02
4.50e+03,-2.69e+00,6.71e+00,6.83e+00,1.37e+01,1.34e+02,5.30e+02
4.55e+03,-2.22e+00,6.65e+00,6.83e+00,1.37e+01,1.36e+02,5.31e+02
4.60e+03,-2.26e+00,6.65e+00,6.83e+00,1.37e+01,1.34e+02,5.31e+02
4.65e+03,-2.14e+00,6.65e+00,6.83e+00,1.37e+01,1.34e+02,5.30e+02
4.70e+03,-2.26e+00,6.65e+00,6.83e+00,1.37e+01,1.34e+02,5.32e+02
4.75e+03,-2.26e+00,6.51e+00,6.83e+00,1.37e+01,1.34e+02,5.30e+02
4.80e+03,-2.27e+00,6.53e+00,6.83e+00,1.37e+01,1.34e+02,5.30e+02
4.85e+03,-2.42e+00,6.53e+00,6.83e+00,1.37e+01,1.34e+02,5.31e+02
4.90e+03,-2.42e+00,6.53e+00,6.83e+00,1.37e+01,1.34e+02,5.31e+02
4.95e+03,-2.42e+00,6.53e+00,6.83e+00,1.37e+01,1.34e+02,5.32e+02
5.00e+03,-2.42e+00,6.53e+00,6.83e+00,1.37e+01,1.34e+02,5.33e+02
5.05e+03,-2.42e+00,6.56e+00,6.83e+00,1.37e+01,1.34e+02,5.33e+02
5.10e+03,-2.07e+00,6.56e+00,6.83e+00,1.37e+01,1.34e+02,5.33e+02
5.15e+03,-1.71e+00,6.56e+00,6.83e+00,1.37e+01,1.34e+02,5.34e+02
5.20e+03,-2.19e+00,6.53e+00,6.83e+00,1.37e+01,1.34e+02,5.34e+02
5.25e+03,-2.55e+00,6.65e+00,6.83e+00,1.37e+01,1.34e+02,5.34e+02
5.30e+03,-2.37e+00,6.65e+00,6.83e+00,1.37e+01,1.34e+02,5.35e+02
5.35e+03,-1.83e+00,6.65e+00,6.83e+00,1.37e+01,1.34e+02,5.35e+02
5.40e+03,-2.40e+00,6.65e+00,6.83e+00,1.37e+01,1.34e+02,5.35e+02
5.45e+03,-2.52e+00,6.65e+00,6.83e+00,1.37e+01,1.34e+02,5.33e+02
5.50e+03,-2.37e+00,6.74e+00,6.83e+00,1.37e+01,1.35e+02,5.36e+02
5.55e+03,-1.32e+00,6.74e+00,6.83e+00,1.37e+01,1.34e+02,5.36e+02
5.60e+03,-2.09e+00,6.74e+00,6.83e+00,1.37e+01,1.34e+02,5.36e+02
5.65e+03,-1.68e+00,6.74e+00,6.83e+00,1.37e+01,1.35e+02,5.36e+02
5.70e+03,-1.57e+00,6.74e+00,6.83e+00,1.37e+01,1.35e+02,5.38e+02
5.75e+03,-1.22e+00,6.74e+00,6.83e+00,1.37e+01,1.35e+02,5.38e+02
5.80e+03,-2.90e+00,6.74e+00,6.83e+00,1.37e+01,1.34e+02,5.33e+02
5.85e+03,-1.82e+00,6.74e+00,6.83e+00,1.37e+01,1.35e+02,5.37e+02
5.90e+03,-1.41e+00,6.74e+00,6.83e+00,1.37e+01,1.35e+02,5.37e+02
5.95e+03,-1.82e+00,6.72e+00,6.83e+00,1.37e+01,1.34e+02,5.34e+02
6.00e+03,-2.12e+00,6.72e+00,6.83e+00,1.37e+01,1.35e+02,5.37e+02
6.05e+03,-1.20e+00,6.72e+00,6.83e+00,1.37e+01,1.35e+02,5.38e+02
6.10e+03,-8.63e-01,6.72e+00,6.83e+00,1.37e+01,1.36e+02,5.38e+02
6.15e+03,-8.63e-01,6.74e+00,6.83e+00,1.37e+01,1.36e+02,5.39e+02
6.20e+03,-8.64e-01,6.74e+00,6.83e+00,1.37e+01,1.36e+02,5.39e+02
6.25e+03,-1.26e+00,6.76e+00,6.83e+00,1.37e+01,1.36e+02,5.39e+02
6.30e+03,-1.90e+00,6.74e+00,6.83e+00,1.37e+01,1.36e+02,5.38e+02
6.35e+03,-1.90e+00,6.74e+00,6.83e+00,1.37e+01,1.36e+02,5.38e+02
6.40e+03,-1.86e+00,6.74e+00,6.83e+00,1.37e+01,1.35e+02,5.34e+02
6.45e+03,-1.82e+00,6.74e+00,6.83e+00,1.37e+01,1.36e+02,5.38e+02
6.50e+03,-1.82e+00,6.74e+00,6.83e+00,1.37e+01,1.36e+02,5.38e+02
6.55e+03,-2.36e+00,6.74e+00,6.83e+00,1.37e+01,1.36e+02,5.38e+02
6.60e+03,-1.82e+00,6.74e+00,6.83e+00,1.37e+01,1.36e+02,5.39e+02
6.65e+03,-1.42e+00,6.74e+00,6.83e+00,1.37e+01,1.36e+02,5.39e+02
6.70e+03,-1.82e+00,6.74e+00,6.83e+00,1.37e+01,1.36e+02,5.39e+02
6.75e+03,-1.78e+00,6.74e+00,6.83e+00,1.37e+01,1.36e+02,5.35e+02
6.80e+03,-1.03e+00,6.75e+00,6.83e+00,1.37e+01,1.37e+02,5.39e+02
6.85e+03,-2.01e+00,6.74e+00,6.83e+00,1.37e+01,1.36e+02,5.38e+02
6.90e+03,-1.76e+00,6.74e+00,6.83e+00,1.37e+01,1.36e+02,5.40e+02
6.95e+03,-1.82e+00,6.75e+00,6.83e+00,1.37e+01,1.37e+02,5.37e+02
7.00e+03,-1.99e+00,6.75e+00,6.83e+00,1.37e+01,1.38e+02,5.37e+02
7.05e+03,-2.20e+00,6.75e+00,6.83e+00,1.37e+01,1.38e+02,5.37e+02
7.10e+03,-2.20e+00,6.75e+00,6.83e+00,1.37e+01,1.38e+02,5.38e+02
7.15e+03,-2.02e+00,6.75e+00,6.83e+00,1.37e+01,1.39e+02,5.38e+02
7.20e+03,-1.86e+00,6.75e+00,6.83e+00,1.37e+01,1.38e+02,5.38e+02
7.25e+03,-2.04e+00,6.75e+00,6.83e+00,1.37e+01,1.39e+02,5.38e+02
7.30e+03,-1.97e+00,6.75e+00,6.83e+00,1.37e+01,1.39e+02,5.39e+02
7.35e+03,-1.94e+00,6.75e+00,6.83e+00,1.37e+01,1.38e+02,5.38e+02
7.40e+03,-2.06e+00,6.75e+00,6.83e+00,1.37e+01,1.38e+02,5.39e+02
7.45e+03,-2.04e+00,6.75e+00,6.83e+00,1.37e+01,1.38e+02,5.39e+02
7.50e+03,-2.20e+00,6.75e+00,6.83e+00,1.37e+01,1.38e+02,5.40e+02
7.55e+03,-2.20e+00,6.75e+00,6.83e+00,1.37e+01,1.38e+02,5.39e+02
7.60e+03,-1.43e+00,6.75e+00,6.83e+00,1.37e+01,1.38e+02,5.39e+02
7.65e+03,-2.20e+00,6.75e+00,6.83e+00,1.37e+01,1.39e+02,5.39e+02
7.70e+03,-2.20e+00,6.75e+00,6.83e+00,1.37e+01,1.38e+02,5.38e+02
7.75e+03,-2.20e+00,6.75e+00,6.83e+00,1.37e+01,1.38e+02,5.39e+02
7.80e+03,-2.20e+00,6.75e+00,6.83e+00,1.37e+01,1.39e+02,5.40e+02
7.85e+03,-2.20e+00,6.75e+00,6.83e+00,1.37e+01,1.38e+02,5.39e+02
7.90e+03,-1.43e+00,6.75e+00,6.83e+00,1.37e+01,1.38e+02,5.39e+02
7.95e+03,-1.91e+00,6.75e+00,6.83e+00,1.37e+01,1.38e+02,5.39e+02
8.00e+03,-2.10e+00,6.75e+00,6.83e+00,1.37e+01,1.38e+02,5.38e+02
8.05e+03,-2.20e+00,6.75e+00,6.83e+00,1.37e+01,1.38e+02,5.38e+02
